// Jest Snapshot v1, https://goo.gl/fbAQLP

exports[`<Footer /> | Component should render correctly 1`] = `
<footer
  className="footer"
>
  <div
    className="footer__settings footer__settings--row"
  >
    <div
      className="footer__settings__toggle-switch-wrapper"
    >
      <p>
        Toggle Dark Mode
      </p>
      <ToggleSwitch
        function={[Function]}
      />
    </div>
    <i
      className="fas fa-cog"
      onClick={[Function]}
    />
  </div>
  <div
    className="footer__info footer__info--row"
  >
    <p>
      Developed by
       
      <a
        href="http://srenshawpanting.co.uk/"
      >
        <u>
          SRP Designs
        </u>
      </a>
    </p>
    <p>
      <a
        href=""
      >
        <u>
          Donate here
        </u>
      </a>
    </p>
  </div>
</footer>
`;
