// Jest Snapshot v1, https://goo.gl/fbAQLP

exports[`<SetupMenu /> | Component should render correctly 1`] = `
<section
  className="setup-menu"
>
  <Title
    title="Deduction"
  />
  <div
    className="setup-menu__option"
  >
    <div
      className="setup-menu__option__row"
    >
      <h3>
        Turn Timer:
      </h3>
      <ToggleSwitch
        function={[Function]}
      />
    </div>
    <p>
      If enabled teams have one minute to complete their turn.
    </p>
  </div>
  <div
    className="setup-menu__option"
  >
    <div
      className="setup-menu__option__row"
    >
      <h3>
        Quick Game:
      </h3>
      <ToggleSwitch
        function={[Function]}
      />
    </div>
    <p>
      If enabled games will last upto six minutes before ending & teams have 30 seconds to complete each turn.
    </p>
  </div>
  <div
    className="setup-menu__option__selection"
  >
    <h3>
      Select a Word Group...
    </h3>
    <div
      className="setup-menu__option__selection__container"
    >
      <div
        aria-checked="false"
        className="setup-menu__option__selection__brick"
        id="err"
        key="err"
        onClick={[Function]}
        role="checkbox"
      >
        <p>
          ERROR :(
        </p>
      </div>
    </div>
  </div>
  <div
    className="setup-menu__option__text-input"
  >
    <h3>
      OR
    </h3>
    <h3>
      Enter Custom Words...
    </h3>
    <p>
      Enter 25 words with a , (comma) seperating each word.
    </p>
    <textarea />
  </div>
  <NavButton
    function={[Function]}
    opClasses=""
    route="/game"
    title="Go!"
  />
</section>
`;
